Resident 1 received fire alert at time 3601.0
Resident 10 received fire alert at time 3601.0
Resident 11 received fire alert at time 3601.0
Resident 12 received fire alert at time 3601.0
Resident 13 received fire alert at time 3601.0
Resident 14 received fire alert at time 3601.0
Resident 15 received fire alert at time 3601.0
Resident 16 received fire alert at time 3601.0
Resident 1: will start evacuating to shelter in (Castlemaine, coords=252145.230968,5894310.30443) at time 3606.0
Resident 17 received fire alert at time 3601.0
Resident 18 received fire alert at time 3601.0
Resident 19 received fire alert at time 3601.0
Resident 2 received fire alert at time 3601.0
Resident 20 received fire alert at time 3601.0
Resident 21 received fire alert at time 3601.0
Resident 22 received fire alert at time 3601.0
Resident 23 received fire alert at time 3601.0
Resident 24 received fire alert at time 3601.0
Resident 25 received fire alert at time 3601.0
Resident 10: will start evacuating to shelter in (Castlemaine, coords=252145.230968,5894310.30443) at time 3606.0
Resident 26 received fire alert at time 3601.0
Resident 27 received fire alert at time 3601.0
Resident 11: will start evacuating to shelter in (Castlemaine, coords=252145.230968,5894310.30443) at time 3606.0
Resident 28 received fire alert at time 3601.0
Resident 29 received fire alert at time 3601.0
Resident 12: will start evacuating to shelter in (Castlemaine, coords=252145.230968,5894310.30443) at time 3606.0
Resident 3 received fire alert at time 3601.0
Resident 13: will start evacuating to shelter in (Castlemaine, coords=252145.230968,5894310.30443) at time 3606.0
Resident 30 received fire alert at time 3601.0
Resident 31 received fire alert at time 3601.0
Resident 32 received fire alert at time 3601.0
Resident 33 received fire alert at time 3601.0
Resident 34 received fire alert at time 3601.0
Resident 35 received fire alert at time 3601.0
Resident 36 received fire alert at time 3601.0
Resident 37 received fire alert at time 3601.0
Resident 38 received fire alert at time 3601.0
Resident 39 received fire alert at time 3601.0
Resident 4 received fire alert at time 3601.0
Resident 40 received fire alert at time 3601.0
Resident 41 received fire alert at time 3601.0
Resident 42 received fire alert at time 3601.0
Resident 43 received fire alert at time 3601.0
Resident 44 received fire alert at time 3601.0
Resident 45 received fire alert at time 3601.0
Resident 46 received fire alert at time 3601.0
Resident 47 received fire alert at time 3601.0
Resident 48 received fire alert at time 3601.0
Resident 49 received fire alert at time 3601.0
Resident 5 received fire alert at time 3601.0
Resident 0 received fire alert at time 3601.0
Resident 6 received fire alert at time 3601.0
Resident 14: will start evacuating to shelter in (Castlemaine, coords=252145.230968,5894310.30443) at time 3606.0
Resident 7 received fire alert at time 3601.0
Resident 8 received fire alert at time 3601.0
Resident 9 received fire alert at time 3601.0
Resident 2: will start evacuating to shelter in (Castlemaine, coords=252145.230968,5894310.30443) at time 3606.0
Resident 15: will start evacuating to shelter in (Castlemaine, coords=252145.230968,5894310.30443) at time 3606.0
Resident 16: will start evacuating to shelter in (Castlemaine, coords=252145.230968,5894310.30443) at time 3606.0
Resident 17: will start evacuating to shelter in (Castlemaine, coords=252145.230968,5894310.30443) at time 3606.0
Resident 18: will start evacuating to shelter in (Castlemaine, coords=252145.230968,5894310.30443) at time 3606.0
Resident 19: will start evacuating to shelter in (Castlemaine, coords=252145.230968,5894310.30443) at time 3606.0
Resident 20: will start evacuating to shelter in (Castlemaine, coords=252145.230968,5894310.30443) at time 3606.0
Resident 21: will start evacuating to shelter in (Castlemaine, coords=252145.230968,5894310.30443) at time 3606.0
Resident 0: will start evacuating to shelter in (Castlemaine, coords=252145.230968,5894310.30443) at time 3606.0
Resident 3: will start evacuating to shelter in (Castlemaine, coords=252145.230968,5894310.30443) at time 3606.0
Resident 4: will start evacuating to shelter in (Castlemaine, coords=252145.230968,5894310.30443) at time 3606.0
Resident 5: will start evacuating to shelter in (Castlemaine, coords=252145.230968,5894310.30443) at time 3606.0
Resident 6: will start evacuating to shelter in (Castlemaine, coords=252145.230968,5894310.30443) at time 3606.0
Resident 7: will start evacuating to shelter in (Castlemaine, coords=252145.230968,5894310.30443) at time 3606.0
Resident 8: will start evacuating to shelter in (Castlemaine, coords=252145.230968,5894310.30443) at time 3606.0
Resident 9: will start evacuating to shelter in (Castlemaine, coords=252145.230968,5894310.30443) at time 3606.0
Resident 22: will start evacuating to shelter in (Castlemaine, coords=252145.230968,5894310.30443) at time 3606.0
Resident 23: will start evacuating to shelter in (Castlemaine, coords=252145.230968,5894310.30443) at time 3606.0
Resident 24: will start evacuating to shelter in (Castlemaine, coords=252145.230968,5894310.30443) at time 3606.0
Resident 25: will start evacuating to shelter in (Castlemaine, coords=252145.230968,5894310.30443) at time 3606.0
Resident 26: will start evacuating to shelter in (Castlemaine, coords=252145.230968,5894310.30443) at time 3606.0
Resident 27: will start evacuating to shelter in (Castlemaine, coords=252145.230968,5894310.30443) at time 3606.0
Resident 28: will start evacuating to shelter in (Castlemaine, coords=252145.230968,5894310.30443) at time 3606.0
Resident 29: will start evacuating to shelter in (Castlemaine, coords=252145.230968,5894310.30443) at time 3606.0
Resident 30: will start evacuating to shelter in (Castlemaine, coords=252145.230968,5894310.30443) at time 3606.0
Resident 31: will start evacuating to shelter in (Castlemaine, coords=252145.230968,5894310.30443) at time 3606.0
Resident 32: will start evacuating to shelter in (Castlemaine, coords=252145.230968,5894310.30443) at time 3606.0
Resident 33: will start evacuating to shelter in (Castlemaine, coords=252145.230968,5894310.30443) at time 3606.0
Resident 34: will start evacuating to shelter in (Castlemaine, coords=252145.230968,5894310.30443) at time 3606.0
Resident 35: will start evacuating to shelter in (Castlemaine, coords=252145.230968,5894310.30443) at time 3606.0
Resident 36: will start evacuating to shelter in (Castlemaine, coords=252145.230968,5894310.30443) at time 3606.0
Resident 37: will start evacuating to shelter in (Castlemaine, coords=252145.230968,5894310.30443) at time 3606.0
Resident 38: will start evacuating to shelter in (Castlemaine, coords=252145.230968,5894310.30443) at time 3606.0
Resident 39: will start evacuating to shelter in (Castlemaine, coords=252145.230968,5894310.30443) at time 3606.0
Resident 40: will start evacuating to shelter in (Castlemaine, coords=252145.230968,5894310.30443) at time 3606.0
Resident 41: will start evacuating to shelter in (Castlemaine, coords=252145.230968,5894310.30443) at time 3606.0
Resident 42: will start evacuating to shelter in (Castlemaine, coords=252145.230968,5894310.30443) at time 3606.0
Resident 43: will start evacuating to shelter in (Castlemaine, coords=252145.230968,5894310.30443) at time 3606.0
Resident 44: will start evacuating to shelter in (Castlemaine, coords=252145.230968,5894310.30443) at time 3606.0
Resident 45: will start evacuating to shelter in (Castlemaine, coords=252145.230968,5894310.30443) at time 3606.0
Resident 46: will start evacuating to shelter in (Castlemaine, coords=252145.230968,5894310.30443) at time 3606.0
Resident 47: will start evacuating to shelter in (Castlemaine, coords=252145.230968,5894310.30443) at time 3606.0
Resident 48: will start evacuating to shelter in (Castlemaine, coords=252145.230968,5894310.30443) at time 3606.0
Resident 49: will start evacuating to shelter in (Castlemaine, coords=252145.230968,5894310.30443) at time 3606.0
Resident 1: is driving to shelter in (Castlemaine, coords=252145.230968,5894310.30443)
Resident 10: is driving to shelter in (Castlemaine, coords=252145.230968,5894310.30443)
Resident 11: is driving to shelter in (Castlemaine, coords=252145.230968,5894310.30443)
Resident 12: is driving to shelter in (Castlemaine, coords=252145.230968,5894310.30443)
Resident 13: is driving to shelter in (Castlemaine, coords=252145.230968,5894310.30443)
Resident 14: is driving to shelter in (Castlemaine, coords=252145.230968,5894310.30443)
Resident 2: is driving to shelter in (Castlemaine, coords=252145.230968,5894310.30443)
Resident 15: is driving to shelter in (Castlemaine, coords=252145.230968,5894310.30443)
Resident 16: is driving to shelter in (Castlemaine, coords=252145.230968,5894310.30443)
Resident 17: is driving to shelter in (Castlemaine, coords=252145.230968,5894310.30443)
Resident 18: is driving to shelter in (Castlemaine, coords=252145.230968,5894310.30443)
Resident 19: is driving to shelter in (Castlemaine, coords=252145.230968,5894310.30443)
Resident 20: is driving to shelter in (Castlemaine, coords=252145.230968,5894310.30443)
Resident 21: is driving to shelter in (Castlemaine, coords=252145.230968,5894310.30443)
Resident 0: is driving to shelter in (Castlemaine, coords=252145.230968,5894310.30443)
Resident 3: is driving to shelter in (Castlemaine, coords=252145.230968,5894310.30443)
Resident 4: is driving to shelter in (Castlemaine, coords=252145.230968,5894310.30443)
Resident 5: is driving to shelter in (Castlemaine, coords=252145.230968,5894310.30443)
Resident 6: is driving to shelter in (Castlemaine, coords=252145.230968,5894310.30443)
Resident 7: is driving to shelter in (Castlemaine, coords=252145.230968,5894310.30443)
Resident 8: is driving to shelter in (Castlemaine, coords=252145.230968,5894310.30443)
Resident 9: is driving to shelter in (Castlemaine, coords=252145.230968,5894310.30443)
Resident 22: is driving to shelter in (Castlemaine, coords=252145.230968,5894310.30443)
Resident 23: is driving to shelter in (Castlemaine, coords=252145.230968,5894310.30443)
Resident 24: is driving to shelter in (Castlemaine, coords=252145.230968,5894310.30443)
Resident 25: is driving to shelter in (Castlemaine, coords=252145.230968,5894310.30443)
Resident 26: is driving to shelter in (Castlemaine, coords=252145.230968,5894310.30443)
Resident 27: is driving to shelter in (Castlemaine, coords=252145.230968,5894310.30443)
Resident 28: is driving to shelter in (Castlemaine, coords=252145.230968,5894310.30443)
Resident 29: is driving to shelter in (Castlemaine, coords=252145.230968,5894310.30443)
Resident 30: is driving to shelter in (Castlemaine, coords=252145.230968,5894310.30443)
Resident 31: is driving to shelter in (Castlemaine, coords=252145.230968,5894310.30443)
Resident 32: is driving to shelter in (Castlemaine, coords=252145.230968,5894310.30443)
Resident 33: is driving to shelter in (Castlemaine, coords=252145.230968,5894310.30443)
Resident 34: is driving to shelter in (Castlemaine, coords=252145.230968,5894310.30443)
Resident 35: is driving to shelter in (Castlemaine, coords=252145.230968,5894310.30443)
Resident 36: is driving to shelter in (Castlemaine, coords=252145.230968,5894310.30443)
Resident 37: is driving to shelter in (Castlemaine, coords=252145.230968,5894310.30443)
Resident 38: is driving to shelter in (Castlemaine, coords=252145.230968,5894310.30443)
Resident 39: is driving to shelter in (Castlemaine, coords=252145.230968,5894310.30443)
Resident 40: is driving to shelter in (Castlemaine, coords=252145.230968,5894310.30443)
Resident 41: is driving to shelter in (Castlemaine, coords=252145.230968,5894310.30443)
Resident 42: is driving to shelter in (Castlemaine, coords=252145.230968,5894310.30443)
Resident 43: is driving to shelter in (Castlemaine, coords=252145.230968,5894310.30443)
Resident 44: is driving to shelter in (Castlemaine, coords=252145.230968,5894310.30443)
Resident 45: is driving to shelter in (Castlemaine, coords=252145.230968,5894310.30443)
Resident 46: is driving to shelter in (Castlemaine, coords=252145.230968,5894310.30443)
Resident 47: is driving to shelter in (Castlemaine, coords=252145.230968,5894310.30443)
Resident 48: is driving to shelter in (Castlemaine, coords=252145.230968,5894310.30443)
Resident 49: is driving to shelter in (Castlemaine, coords=252145.230968,5894310.30443)
Resident 42: has reached shelter in (Castlemaine, coords=252145.230968,5894310.30443)
Resident 41: has reached shelter in (Castlemaine, coords=252145.230968,5894310.30443)
Resident 38: has reached shelter in (Castlemaine, coords=252145.230968,5894310.30443)
Resident 32: has reached shelter in (Castlemaine, coords=252145.230968,5894310.30443)
Resident 14: has reached shelter in (Castlemaine, coords=252145.230968,5894310.30443)
Resident 48: has reached shelter in (Castlemaine, coords=252145.230968,5894310.30443)
Resident 17: has reached shelter in (Castlemaine, coords=252145.230968,5894310.30443)
Resident 10: has reached shelter in (Castlemaine, coords=252145.230968,5894310.30443)
Resident 43: has reached shelter in (Castlemaine, coords=252145.230968,5894310.30443)
Resident 27: has reached shelter in (Castlemaine, coords=252145.230968,5894310.30443)
Resident 45: has reached shelter in (Castlemaine, coords=252145.230968,5894310.30443)
Resident 34: has reached shelter in (Castlemaine, coords=252145.230968,5894310.30443)
Resident 19: has reached shelter in (Castlemaine, coords=252145.230968,5894310.30443)
Resident 6: has reached shelter in (Castlemaine, coords=252145.230968,5894310.30443)
Resident 18: has reached shelter in (Castlemaine, coords=252145.230968,5894310.30443)
Resident 29: has reached shelter in (Castlemaine, coords=252145.230968,5894310.30443)
Resident 40: has reached shelter in (Castlemaine, coords=252145.230968,5894310.30443)
Resident 7: has reached shelter in (Castlemaine, coords=252145.230968,5894310.30443)
Resident 4: has reached shelter in (Castlemaine, coords=252145.230968,5894310.30443)
Resident 35: has reached shelter in (Castlemaine, coords=252145.230968,5894310.30443)
Resident 3: has reached shelter in (Castlemaine, coords=252145.230968,5894310.30443)
Resident 22: has reached shelter in (Castlemaine, coords=252145.230968,5894310.30443)
Resident 1: has reached shelter in (Castlemaine, coords=252145.230968,5894310.30443)
Resident 2: has reached shelter in (Castlemaine, coords=252145.230968,5894310.30443)
Resident 11: has reached shelter in (Castlemaine, coords=252145.230968,5894310.30443)
Resident 5: has reached shelter in (Castlemaine, coords=252145.230968,5894310.30443)
Resident 44: has reached shelter in (Castlemaine, coords=252145.230968,5894310.30443)
Resident 25: has reached shelter in (Castlemaine, coords=252145.230968,5894310.30443)
Resident 47: has reached shelter in (Castlemaine, coords=252145.230968,5894310.30443)
Resident 15: has reached shelter in (Castlemaine, coords=252145.230968,5894310.30443)
Resident 49: has reached shelter in (Castlemaine, coords=252145.230968,5894310.30443)
Resident 13: has reached shelter in (Castlemaine, coords=252145.230968,5894310.30443)
Resident 33: has reached shelter in (Castlemaine, coords=252145.230968,5894310.30443)
Resident 24: has reached shelter in (Castlemaine, coords=252145.230968,5894310.30443)
Resident 46: has reached shelter in (Castlemaine, coords=252145.230968,5894310.30443)
Resident 26: has reached shelter in (Castlemaine, coords=252145.230968,5894310.30443)
Resident 28: has reached shelter in (Castlemaine, coords=252145.230968,5894310.30443)
Resident 37: has reached shelter in (Castlemaine, coords=252145.230968,5894310.30443)
Resident 21: has reached shelter in (Castlemaine, coords=252145.230968,5894310.30443)
Resident 30: has reached shelter in (Castlemaine, coords=252145.230968,5894310.30443)
Resident 9: has reached shelter in (Castlemaine, coords=252145.230968,5894310.30443)
Resident 8: has reached shelter in (Castlemaine, coords=252145.230968,5894310.30443)
Resident 39: has reached shelter in (Castlemaine, coords=252145.230968,5894310.30443)
Resident 31: has reached shelter in (Castlemaine, coords=252145.230968,5894310.30443)
Resident 23: has reached shelter in (Castlemaine, coords=252145.230968,5894310.30443)
Resident 36: has reached shelter in (Castlemaine, coords=252145.230968,5894310.30443)
Resident 0: has reached shelter in (Castlemaine, coords=252145.230968,5894310.30443)
Resident 20: has reached shelter in (Castlemaine, coords=252145.230968,5894310.30443)
Resident 16: has reached shelter in (Castlemaine, coords=252145.230968,5894310.30443)
Resident 12: has reached shelter in (Castlemaine, coords=252145.230968,5894310.30443)
